******************************************************************************
        TMS320C2000 COFF Linker PC v4.1.3                      
******************************************************************************
>> Linked Mon May 08 02:47:15 2017

OUTPUT FILE NAME:   <./Debug/Motor.out>
ENTRY POINT SYMBOL: "_c_int00"  address: 003f842e


MEMORY CONFIGURATION

                  name            origin    length      used    attr    fill
         ----------------------  --------  ---------  --------  ----  --------
PAGE  0: PRAMH0                  003f8000   00001000  0000055d  RWIX

PAGE  1: RAMM0                   00000000   00000400  00000000  RWIX
         RAMM1                   00000400   00000400  00000400  RWIX
         DEV_EMU                 00000880   00000180  000000d6  RWIX
         FLASH_REGS              00000a80   00000060  00000008  RWIX
         CSM                     00000ae0   00000010  00000010  RWIX
         XINTF                   00000b20   00000020  00000020  RWIX
         CPU_TIMER0              00000c00   00000008  00000008  RWIX
         CPU_TIMER1              00000c08   00000008  00000008  RWIX
         CPU_TIMER2              00000c10   00000008  00000008  RWIX
         PIE_CTRL                00000ce0   00000020  0000001a  RWIX
         PIE_VECT                00000d00   00000100  00000100  RWIX
         ECAN_A                  00006000   00000100  00000034  RWIX
         ECAN_AMBOX              00006100   00000100  00000100  RWIX
         SYSTEM                  00007010   00000020  00000020  RWIX
         SPI_A                   00007040   00000010  00000010  RWIX
         SCI_A                   00007050   00000010  00000010  RWIX
         XINTRUPT                00007070   00000010  00000010  RWIX
         GPIOMUX                 000070c0   00000020  00000020  RWIX
         GPIODAT                 000070e0   00000020  00000020  RWIX
         ADC                     00007100   00000020  0000001a  RWIX
         EV_A                    00007400   00000040  00000032  RWIX
         EV_B                    00007500   00000040  00000032  RWIX
         SPI_B                   00007740   00000010  00000000  RWIX
         SCI_B                   00007750   00000010  00000010  RWIX
         MCBSP_A                 00007800   00000040  00000025  RWIX
         CSM_PWL                 003f7ff8   00000008  00000008  RWIX
         DRAMH0                  003f9000   00001000  0000028c  RWIX


SECTION ALLOCATION MAP

 output                                  attributes/
section   page    origin      length       input sections
--------  ----  ----------  ----------   ----------------
.text      0    003f8000    000004be     
                  003f8000    0000014a     DSP28_DefaultIsr.obj (.text)
                  003f814a    0000002f     DSP28_Ev.obj (.text)
                  003f8179    00000013     DSP28_Gpio.obj (.text)
                  003f818c    00000021     DSP28_PieCtrl.obj (.text)
                  003f81ad    00000020     DSP28_PieVect.obj (.text)
                  003f81cd    0000002a     DSP28_SysCtrl.obj (.text)
                  003f81f7    00000038     DSP28_Sci.obj (.text)
                  003f822f    000001ff     main.obj (.text)
                  003f842e    0000004b     rts2800n.lib : boot.obj (.text)
                  003f8479    0000003e                  : exit.obj (.text)
                  003f84b7    00000007                  : _lock.obj (.text)

.cinit     0    003f84be    0000009d     
                  003f84be    00000089     main.obj (.cinit)
                  003f8547    0000000b     rts2800n.lib : exit.obj (.cinit)
                  003f8552    00000008                  : _lock.obj (.cinit)
                  003f855a    00000001     --HOLE-- [fill = 0]

.reset     0    003f855b    00000002     
                  003f855b    00000002     rts2800n.lib : boot.obj (.reset)

.data      1    00000000    00000000     UNINITIALIZED

.stack     1    00000400    00000400     UNINITIALIZED

DevEmuRegsFile 
*          1    00000880    000000d6     UNINITIALIZED
                  00000880    000000d6     DSP28_GlobalVariableDefs.obj (DevEmuRegsFile)

FlashRegsFile 
*          1    00000a80    00000008     UNINITIALIZED
                  00000a80    00000008     DSP28_GlobalVariableDefs.obj (FlashRegsFile)

CsmRegsFile 
*          1    00000ae0    00000010     UNINITIALIZED
                  00000ae0    00000010     DSP28_GlobalVariableDefs.obj (CsmRegsFile)

XintfRegsFile 
*          1    00000b20    00000020     UNINITIALIZED
                  00000b20    00000020     DSP28_GlobalVariableDefs.obj (XintfRegsFile)

CpuTimer0RegsFile 
*          1    00000c00    00000008     UNINITIALIZED
                  00000c00    00000008     DSP28_GlobalVariableDefs.obj (CpuTimer0RegsFile)

CpuTimer1RegsFile 
*          1    00000c08    00000008     UNINITIALIZED
                  00000c08    00000008     DSP28_GlobalVariableDefs.obj (CpuTimer1RegsFile)

CpuTimer2RegsFile 
*          1    00000c10    00000008     UNINITIALIZED
                  00000c10    00000008     DSP28_GlobalVariableDefs.obj (CpuTimer2RegsFile)

PieCtrlRegsFile 
*          1    00000ce0    0000001a     UNINITIALIZED
                  00000ce0    0000001a     DSP28_GlobalVariableDefs.obj (PieCtrlRegsFile)

PieVectTable 
*          1    00000d00    00000100     UNINITIALIZED
                  00000d00    00000100     DSP28_GlobalVariableDefs.obj (PieVectTable)

ECanaRegsFile 
*          1    00006000    00000034     UNINITIALIZED
                  00006000    00000034     DSP28_GlobalVariableDefs.obj (ECanaRegsFile)

ECanaMboxesFile 
*          1    00006100    00000100     UNINITIALIZED
                  00006100    00000100     DSP28_GlobalVariableDefs.obj (ECanaMboxesFile)

SysCtrlRegsFile 
*          1    00007010    00000020     UNINITIALIZED
                  00007010    00000020     DSP28_GlobalVariableDefs.obj (SysCtrlRegsFile)

SpiaRegsFile 
*          1    00007040    00000010     UNINITIALIZED
                  00007040    00000010     DSP28_GlobalVariableDefs.obj (SpiaRegsFile)

SciaRegsFile 
*          1    00007050    00000010     UNINITIALIZED
                  00007050    00000010     DSP28_GlobalVariableDefs.obj (SciaRegsFile)

XIntruptRegsFile 
*          1    00007070    00000010     UNINITIALIZED
                  00007070    00000010     DSP28_GlobalVariableDefs.obj (XIntruptRegsFile)

GpioMuxRegsFile 
*          1    000070c0    00000020     UNINITIALIZED
                  000070c0    00000020     DSP28_GlobalVariableDefs.obj (GpioMuxRegsFile)

GpioDataRegsFile 
*          1    000070e0    00000020     UNINITIALIZED
                  000070e0    00000020     DSP28_GlobalVariableDefs.obj (GpioDataRegsFile)

AdcRegsFile 
*          1    00007100    0000001a     UNINITIALIZED
                  00007100    0000001a     DSP28_GlobalVariableDefs.obj (AdcRegsFile)

EvaRegsFile 
*          1    00007400    00000032     UNINITIALIZED
                  00007400    00000032     DSP28_GlobalVariableDefs.obj (EvaRegsFile)

EvbRegsFile 
*          1    00007500    00000032     UNINITIALIZED
                  00007500    00000032     DSP28_GlobalVariableDefs.obj (EvbRegsFile)

ScibRegsFile 
*          1    00007750    00000010     UNINITIALIZED
                  00007750    00000010     DSP28_GlobalVariableDefs.obj (ScibRegsFile)

McbspaRegsFile 
*          1    00007800    00000025     UNINITIALIZED
                  00007800    00000025     DSP28_GlobalVariableDefs.obj (McbspaRegsFile)

CsmPwlFile 
*          1    003f7ff8    00000008     UNINITIALIZED
                  003f7ff8    00000008     DSP28_GlobalVariableDefs.obj (CsmPwlFile)

.const     1    003f9000    00000000     UNINITIALIZED

.sysmem    1    003f9000    00000000     UNINITIALIZED

.ebss      1    003f9000    00000108     UNINITIALIZED
                  003f9000    00000108     main.obj (.ebss)

.econst    1    003f9108    00000100     
                  003f9108    00000100     DSP28_PieVect.obj (.econst)

.bss       1    003f9240    00000084     UNINITIALIZED
                  003f9240    00000080     rts2800n.lib : exit.obj (.bss)
                  003f92c0    00000004                  : _lock.obj (.bss)


GLOBAL SYMBOLS: SORTED ALPHABETICALLY BY Name 

address    name
--------   ----
003f9240   .bss
00000000   .data
003f8000   .text
003f8498   C$$EXIT
003f8069   _ADCINT_ISR
00007100   _AdcRegs
003f80b4   _CAPINT1_ISR
003f80b9   _CAPINT2_ISR
003f80be   _CAPINT3_ISR
003f80ff   _CAPINT4_ISR
003f8104   _CAPINT5_ISR
003f8109   _CAPINT6_ISR
003f807d   _CMP1INT_ISR
003f8082   _CMP2INT_ISR
003f8087   _CMP3INT_ISR
003f80c8   _CMP4INT_ISR
003f80cd   _CMP5INT_ISR
003f80d2   _CMP6INT_ISR
00000c00   _CpuTimer0Regs
00000c08   _CpuTimer1Regs
00000c10   _CpuTimer2Regs
003f7ff8   _CsmPwl
00000ae0   _CsmRegs
003f8019   _DATALOG_ISR
003f841a   _Delay
00000880   _DevEmuRegs
003f8136   _ECAN0INTA_ISR
003f813b   _ECAN1INTA_ISR
00006100   _ECanaMboxes
00006000   _ECanaRegs
003f8023   _EMUINT_ISR
00007400   _EvaRegs
003f900a   _EvaTimer1InterruptTp1
003f9002   _EvaTimer2InterruptTp2
00007500   _EvbRegs
00000a80   _FlashRegs
000070e0   _GpioDataRegs
000070c0   _GpioMuxRegs
003f8028   _ILLEGAL_ISR
003f8000   _INT13_ISR
003f8005   _INT14_ISR
003f814a   _InitEv
003f8179   _InitGpio
003f818c   _InitPieCtrl
003f81ad   _InitPieVectTable
003f81f7   _InitSci
003f81cd   _InitSysCtrl
003f81ed   _KickDog
003f810e   _MRINTA_ISR
003f8113   _MXINTA_ISR
00007800   _McbspaRegs
003f800a   _NMI_ISR
003f8078   _PDPINTA_ISR
003f80c3   _PDPINTB_ISR
003f8140   _PIE_RESERVED
00000ce0   _PieCtrl
00000d00   _PieVectTable
003f9108   _PieVectTableInit
003f801e   _RTOSINT_ISR
003f8122   _SCIRXINTA_ISR
003f812c   _SCIRXINTB_ISR
003f8127   _SCITXINTA_ISR
003f8131   _SCITXINTB_ISR
003f8118   _SPIRXINTA_ISR
003f811d   _SPITXINTA_ISR
00007050   _SciaRegs
003f8220   _SciaRx_Ready
003f8211   _SciaTx_Ready
00007750   _ScibRegs
00007040   _SpiaRegs
00007010   _SysCtrlRegs
003f8091   _T1CINT_ISR
003f809b   _T1OFINT_ISR
003f808c   _T1PINT_ISR
003f8096   _T1UFINT_ISR
003f80a5   _T2CINT_ISR
003f80af   _T2OFINT_ISR
003f80a0   _T2PINT_ISR
003f80aa   _T2UFINT_ISR
003f80dc   _T3CINT_ISR
003f80e6   _T3OFINT_ISR
003f80d7   _T3PINT_ISR
003f80e1   _T3UFINT_ISR
003f80f0   _T4CINT_ISR
003f80fa   _T4OFINT_ISR
003f80eb   _T4PINT_ISR
003f80f5   _T4UFINT_ISR
003f806e   _TINT0_ISR
003f802d   _USER0_ISR
003f805f   _USER10_ISR
003f8064   _USER11_ISR
003f8032   _USER1_ISR
003f8037   _USER2_ISR
003f803c   _USER3_ISR
003f8041   _USER4_ISR
003f8046   _USER5_ISR
003f804b   _USER6_ISR
003f8050   _USER7_ISR
003f8055   _USER8_ISR
003f805a   _USER9_ISR
003f8073   _WAKEINT_ISR
003f9040   _Word
003f800f   _XINT1_ISR
003f8014   _XINT2_ISR
00007070   _XIntruptRegs
00000b20   _XintfRegs
00000400   __STACK_SIZE
ffffffff   ___binit__
003f9240   ___bss__
ffffffff   ___c_args__
003f84be   ___cinit__
00000000   ___data__
00000000   ___edata__
003f92c4   ___end__
003f84be   ___etext__
ffffffff   ___pinit__
003f8000   ___text__
003f9244   __cleanup_ptr
003f9242   __dtors_ptr
003f92c2   __lock
003f84b7   __nop
003f84b8   __register_lock
003f84bb   __register_unlock
003f92c0   __unlock
003f84b6   _abort
003f849a   _atexit
003f842e   _c_int00
003f83b4   _eva_timer1Tp1_isr
003f83d8   _eva_timer2Tp2_isr
003f83f7   _evb_timer3Tp3_isr
003f8479   _exit
003f9003   _i
003f8406   _init_evb
003f822f   _main
003f8145   _rsvd_ISR
003f9008   _servo_flag
003f9004   _step1_dir
003f9001   _step1_n
003f9000   _step2_dir
003f9007   _step2_n
003f9005   _temp_x
003f9006   _temp_y
ffffffff   binit
003f84be   cinit
00000000   edata
003f92c4   end
003f84be   etext
ffffffff   pinit


GLOBAL SYMBOLS: SORTED BY Symbol Address 

address    name
--------   ----
00000000   ___edata__
00000000   ___data__
00000000   .data
00000000   edata
00000400   __STACK_SIZE
00000880   _DevEmuRegs
00000a80   _FlashRegs
00000ae0   _CsmRegs
00000b20   _XintfRegs
00000c00   _CpuTimer0Regs
00000c08   _CpuTimer1Regs
00000c10   _CpuTimer2Regs
00000ce0   _PieCtrl
00000d00   _PieVectTable
00006000   _ECanaRegs
00006100   _ECanaMboxes
00007010   _SysCtrlRegs
00007040   _SpiaRegs
00007050   _SciaRegs
00007070   _XIntruptRegs
000070c0   _GpioMuxRegs
000070e0   _GpioDataRegs
00007100   _AdcRegs
00007400   _EvaRegs
00007500   _EvbRegs
00007750   _ScibRegs
00007800   _McbspaRegs
003f7ff8   _CsmPwl
003f8000   ___text__
003f8000   .text
003f8000   _INT13_ISR
003f8005   _INT14_ISR
003f800a   _NMI_ISR
003f800f   _XINT1_ISR
003f8014   _XINT2_ISR
003f8019   _DATALOG_ISR
003f801e   _RTOSINT_ISR
003f8023   _EMUINT_ISR
003f8028   _ILLEGAL_ISR
003f802d   _USER0_ISR
003f8032   _USER1_ISR
003f8037   _USER2_ISR
003f803c   _USER3_ISR
003f8041   _USER4_ISR
003f8046   _USER5_ISR
003f804b   _USER6_ISR
003f8050   _USER7_ISR
003f8055   _USER8_ISR
003f805a   _USER9_ISR
003f805f   _USER10_ISR
003f8064   _USER11_ISR
003f8069   _ADCINT_ISR
003f806e   _TINT0_ISR
003f8073   _WAKEINT_ISR
003f8078   _PDPINTA_ISR
003f807d   _CMP1INT_ISR
003f8082   _CMP2INT_ISR
003f8087   _CMP3INT_ISR
003f808c   _T1PINT_ISR
003f8091   _T1CINT_ISR
003f8096   _T1UFINT_ISR
003f809b   _T1OFINT_ISR
003f80a0   _T2PINT_ISR
003f80a5   _T2CINT_ISR
003f80aa   _T2UFINT_ISR
003f80af   _T2OFINT_ISR
003f80b4   _CAPINT1_ISR
003f80b9   _CAPINT2_ISR
003f80be   _CAPINT3_ISR
003f80c3   _PDPINTB_ISR
003f80c8   _CMP4INT_ISR
003f80cd   _CMP5INT_ISR
003f80d2   _CMP6INT_ISR
003f80d7   _T3PINT_ISR
003f80dc   _T3CINT_ISR
003f80e1   _T3UFINT_ISR
003f80e6   _T3OFINT_ISR
003f80eb   _T4PINT_ISR
003f80f0   _T4CINT_ISR
003f80f5   _T4UFINT_ISR
003f80fa   _T4OFINT_ISR
003f80ff   _CAPINT4_ISR
003f8104   _CAPINT5_ISR
003f8109   _CAPINT6_ISR
003f810e   _MRINTA_ISR
003f8113   _MXINTA_ISR
003f8118   _SPIRXINTA_ISR
003f811d   _SPITXINTA_ISR
003f8122   _SCIRXINTA_ISR
003f8127   _SCITXINTA_ISR
003f812c   _SCIRXINTB_ISR
003f8131   _SCITXINTB_ISR
003f8136   _ECAN0INTA_ISR
003f813b   _ECAN1INTA_ISR
003f8140   _PIE_RESERVED
003f8145   _rsvd_ISR
003f814a   _InitEv
003f8179   _InitGpio
003f818c   _InitPieCtrl
003f81ad   _InitPieVectTable
003f81cd   _InitSysCtrl
003f81ed   _KickDog
003f81f7   _InitSci
003f8211   _SciaTx_Ready
003f8220   _SciaRx_Ready
003f822f   _main
003f83b4   _eva_timer1Tp1_isr
003f83d8   _eva_timer2Tp2_isr
003f83f7   _evb_timer3Tp3_isr
003f8406   _init_evb
003f841a   _Delay
003f842e   _c_int00
003f8479   _exit
003f8498   C$$EXIT
003f849a   _atexit
003f84b6   _abort
003f84b7   __nop
003f84b8   __register_lock
003f84bb   __register_unlock
003f84be   ___cinit__
003f84be   ___etext__
003f84be   cinit
003f84be   etext
003f9000   _step2_dir
003f9001   _step1_n
003f9002   _EvaTimer2InterruptTp2
003f9003   _i
003f9004   _step1_dir
003f9005   _temp_x
003f9006   _temp_y
003f9007   _step2_n
003f9008   _servo_flag
003f900a   _EvaTimer1InterruptTp1
003f9040   _Word
003f9108   _PieVectTableInit
003f9240   .bss
003f9240   ___bss__
003f9242   __dtors_ptr
003f9244   __cleanup_ptr
003f92c0   __unlock
003f92c2   __lock
003f92c4   ___end__
003f92c4   end
ffffffff   pinit
ffffffff   ___c_args__
ffffffff   ___binit__
ffffffff   binit
ffffffff   ___pinit__

[148 symbols]
