******************************************************************************
        TMS320C2000 COFF Linker PC Version 3.07                
******************************************************************************
>> Linked Wed Jul 30 12:47:16 2008

OUTPUT FILE NAME:   <./Release/Motor.out>
ENTRY POINT SYMBOL: "_c_int00"  address: 003e4197


MEMORY CONFIGURATION

                  name            origin    length      used    attr    fill
         ----------------------  --------  ---------  --------  ----  --------
PAGE  0: OTP                     003d7800   00000800  00000000  RWIX
         FLASHJ                  003d8000   00002000  00000014  RWIX
         FLASHI                  003da000   00002000  00000000  RWIX
         FLASHH                  003dc000   00006000  00000100  RWIX
         FLASHP                  003e4000   00013ff6  00000227  RWIX
         BEGIN                   003f7ff6   00000002  00000002  RWIX
         PASSWDS                 003f7ff8   00000008  00000000  RWIX
         ROM                     003ff000   00000fc0  00000000  RWIX
         VECTORS                 003fffc2   0000003e  00000000  RWIX

PAGE  1: RAMM0M1                 00000000   00000800  00000484  RWIX
         DEV_EMU                 00000880   00000180  000000d6  RWIX
         FLASH_REGS              00000a80   00000060  00000008  RWIX
         CSM                     00000ae0   00000010  00000010  RWIX
         XINTF                   00000b20   00000020  00000020  RWIX
         CPU_TIMER0              00000c00   00000008  00000008  RWIX
         CPU_TIMER1              00000c08   00000008  00000008  RWIX
         CPU_TIMER2              00000c10   00000008  00000008  RWIX
         PIE_CTRL                00000ce0   00000020  0000001a  RWIX
         PIE_VECT                00000d00   00000100  00000100  RWIX
         ECAN_A                  00006000   00000100  00000034  RWIX
         ECAN_AMBOX              00006100   00000100  00000100  RWIX
         SYSTEM                  00007010   00000020  00000020  RWIX
         SPI_A                   00007040   00000010  00000010  RWIX
         SCI_A                   00007050   00000010  00000010  RWIX
         XINTRUPT                00007070   00000010  00000010  RWIX
         GPIOMUX                 000070c0   00000020  00000020  RWIX
         GPIODAT                 000070e0   00000020  00000020  RWIX
         ADC                     00007100   00000020  0000001a  RWIX
         EV_A                    00007400   00000040  00000032  RWIX
         EV_B                    00007500   00000040  00000032  RWIX
         SPI_B                   00007740   00000010  00000000  RWIX
         SCI_B                   00007750   00000010  00000010  RWIX
         MCBSP_A                 00007800   00000040  00000025  RWIX
         RAML0L1                 00008000   00002000  00000000  RWIX
         EXRAM                   00100000   00010000  00000000  RWIX
         CSM_PWL                 003f7ff8   00000008  00000008  RWIX
         RAMH0                   003f8000   00002000  00000000  RWIX


SECTION ALLOCATION MAP

 output                                  attributes/
section   page    origin      length       input sections
--------  ----  ----------  ----------   ----------------
IQmathTables 
*          0    003d7800    00000000     UNINITIALIZED

.cinit     0    003d8000    00000014     
                  003d8000    0000000b     rts2800n.lib : exit.obj (.cinit)
                  003d800b    00000008                  : _lock.obj (.cinit)
                  003d8013    00000001     --HOLE-- [fill = 0]

IQmathFastTables 
*          0    003da000    00000000     UNINITIALIZED

IQmath     0    003da000    00000000     UNINITIALIZED

.econst    0    003dc000    00000100     
                  003dc000    00000100     DSP28_PieVect.obj (.econst)

.text      0    003e4000    00000227     
                  003e4000    00000108     DSP28_DefaultIsr.obj (.text)
                  003e4108    00000012     DSP28_Ev.obj (.text)
                  003e411a    00000007     DSP28_Gpio.obj (.text)
                  003e4121    00000021     DSP28_PieCtrl.obj (.text)
                  003e4142    0000001f     DSP28_PieVect.obj (.text)
                  003e4161    00000022     DSP28_SysCtrl.obj (.text)
                  003e4183    00000014     main.obj (.text)
                  003e4197    0000004b     rts2800n.lib : boot.obj (.text)
                  003e41e2    0000003e                  : exit.obj (.text)
                  003e4220    00000007                  : _lock.obj (.text)

.reset     0    003f7ff6    00000002     
                  003f7ff6    00000002     rts2800n.lib : boot.obj (.reset)

vectors    0    003fffc2    00000000     UNINITIALIZED

.data      1    00000000    00000000     UNINITIALIZED

.stack     1    00000000    00000400     UNINITIALIZED

.bss       1    00000400    00000084     UNINITIALIZED
                  00000400    00000080     rts2800n.lib : exit.obj (.bss)
                  00000480    00000004                  : _lock.obj (.bss)

DevEmuRegsFile 
*          1    00000880    000000d6     UNINITIALIZED
                  00000880    000000d6     DSP28_GlobalVariableDefs.obj (DevEmuRegsFile)

FlashRegsFile 
*          1    00000a80    00000008     UNINITIALIZED
                  00000a80    00000008     DSP28_GlobalVariableDefs.obj (FlashRegsFile)

CsmRegsFile 
*          1    00000ae0    00000010     UNINITIALIZED
                  00000ae0    00000010     DSP28_GlobalVariableDefs.obj (CsmRegsFile)

XintfRegsFile 
*          1    00000b20    00000020     UNINITIALIZED
                  00000b20    00000020     DSP28_GlobalVariableDefs.obj (XintfRegsFile)

CpuTimer0RegsFile 
*          1    00000c00    00000008     UNINITIALIZED
                  00000c00    00000008     DSP28_GlobalVariableDefs.obj (CpuTimer0RegsFile)

CpuTimer1RegsFile 
*          1    00000c08    00000008     UNINITIALIZED
                  00000c08    00000008     DSP28_GlobalVariableDefs.obj (CpuTimer1RegsFile)

CpuTimer2RegsFile 
*          1    00000c10    00000008     UNINITIALIZED
                  00000c10    00000008     DSP28_GlobalVariableDefs.obj (CpuTimer2RegsFile)

PieCtrlRegsFile 
*          1    00000ce0    0000001a     UNINITIALIZED
                  00000ce0    0000001a     DSP28_GlobalVariableDefs.obj (PieCtrlRegsFile)

PieVectTable 
*          1    00000d00    00000100     UNINITIALIZED
                  00000d00    00000100     DSP28_GlobalVariableDefs.obj (PieVectTable)

ECanaRegsFile 
*          1    00006000    00000034     UNINITIALIZED
                  00006000    00000034     DSP28_GlobalVariableDefs.obj (ECanaRegsFile)

ECanaMboxesFile 
*          1    00006100    00000100     UNINITIALIZED
                  00006100    00000100     DSP28_GlobalVariableDefs.obj (ECanaMboxesFile)

SysCtrlRegsFile 
*          1    00007010    00000020     UNINITIALIZED
                  00007010    00000020     DSP28_GlobalVariableDefs.obj (SysCtrlRegsFile)

SpiaRegsFile 
*          1    00007040    00000010     UNINITIALIZED
                  00007040    00000010     DSP28_GlobalVariableDefs.obj (SpiaRegsFile)

SciaRegsFile 
*          1    00007050    00000010     UNINITIALIZED
                  00007050    00000010     DSP28_GlobalVariableDefs.obj (SciaRegsFile)

XIntruptRegsFile 
*          1    00007070    00000010     UNINITIALIZED
                  00007070    00000010     DSP28_GlobalVariableDefs.obj (XIntruptRegsFile)

GpioMuxRegsFile 
*          1    000070c0    00000020     UNINITIALIZED
                  000070c0    00000020     DSP28_GlobalVariableDefs.obj (GpioMuxRegsFile)

GpioDataRegsFile 
*          1    000070e0    00000020     UNINITIALIZED
                  000070e0    00000020     DSP28_GlobalVariableDefs.obj (GpioDataRegsFile)

AdcRegsFile 
*          1    00007100    0000001a     UNINITIALIZED
                  00007100    0000001a     DSP28_GlobalVariableDefs.obj (AdcRegsFile)

EvaRegsFile 
*          1    00007400    00000032     UNINITIALIZED
                  00007400    00000032     DSP28_GlobalVariableDefs.obj (EvaRegsFile)

EvbRegsFile 
*          1    00007500    00000032     UNINITIALIZED
                  00007500    00000032     DSP28_GlobalVariableDefs.obj (EvbRegsFile)

ScibRegsFile 
*          1    00007750    00000010     UNINITIALIZED
                  00007750    00000010     DSP28_GlobalVariableDefs.obj (ScibRegsFile)

McbspaRegsFile 
*          1    00007800    00000025     UNINITIALIZED
                  00007800    00000025     DSP28_GlobalVariableDefs.obj (McbspaRegsFile)

.esysmem   1    00008000    00000000     UNINITIALIZED

.ebss      1    00008000    00000000     UNINITIALIZED

CsmPwlFile 
*          1    003f7ff8    00000008     UNINITIALIZED
                  003f7ff8    00000008     DSP28_GlobalVariableDefs.obj (CsmPwlFile)


GLOBAL SYMBOLS: SORTED ALPHABETICALLY BY Name 

address    name
--------   ----
00000400   .bss
00000000   .data
003e4000   .text
003e4201   C$$EXIT
003e4054   _ADCINT_ISR
00007100   _AdcRegs
003e4090   _CAPINT1_ISR
003e4094   _CAPINT2_ISR
003e4098   _CAPINT3_ISR
003e40cc   _CAPINT4_ISR
003e40d0   _CAPINT5_ISR
003e40d4   _CAPINT6_ISR
003e4064   _CMP1INT_ISR
003e4068   _CMP2INT_ISR
003e406c   _CMP3INT_ISR
003e40a0   _CMP4INT_ISR
003e40a4   _CMP5INT_ISR
003e40a8   _CMP6INT_ISR
00000c00   _CpuTimer0Regs
00000c08   _CpuTimer1Regs
00000c10   _CpuTimer2Regs
003f7ff8   _CsmPwl
00000ae0   _CsmRegs
003e4014   _DATALOG_ISR
00000880   _DevEmuRegs
003e40f8   _ECAN0INTA_ISR
003e40fc   _ECAN1INTA_ISR
00006100   _ECanaMboxes
00006000   _ECanaRegs
003e401c   _EMUINT_ISR
00007400   _EvaRegs
00007500   _EvbRegs
00000a80   _FlashRegs
000070e0   _GpioDataRegs
000070c0   _GpioMuxRegs
003e4020   _ILLEGAL_ISR
003e4000   _INT13_ISR
003e4004   _INT14_ISR
003e4108   _InitEv
003e411a   _InitGpio
003e4121   _InitPieCtrl
003e4142   _InitPieVectTable
003e4161   _InitSysCtrl
003e417c   _KickDog
003e40d8   _MRINTA_ISR
003e40dc   _MXINTA_ISR
00007800   _McbspaRegs
003e4008   _NMI_ISR
003e4060   _PDPINTA_ISR
003e409c   _PDPINTB_ISR
003e4100   _PIE_RESERVED
00000ce0   _PieCtrl
00000d00   _PieVectTable
003dc000   _PieVectTableInit
003e4018   _RTOSINT_ISR
003e40e8   _SCIRXINTA_ISR
003e40f0   _SCIRXINTB_ISR
003e40ec   _SCITXINTA_ISR
003e40f4   _SCITXINTB_ISR
003e40e0   _SPIRXINTA_ISR
003e40e4   _SPITXINTA_ISR
00007050   _SciaRegs
00007750   _ScibRegs
00007040   _SpiaRegs
00007010   _SysCtrlRegs
003e4074   _T1CINT_ISR
003e407c   _T1OFINT_ISR
003e4070   _T1PINT_ISR
003e4078   _T1UFINT_ISR
003e4084   _T2CINT_ISR
003e408c   _T2OFINT_ISR
003e4080   _T2PINT_ISR
003e4088   _T2UFINT_ISR
003e40b0   _T3CINT_ISR
003e40b8   _T3OFINT_ISR
003e40ac   _T3PINT_ISR
003e40b4   _T3UFINT_ISR
003e40c0   _T4CINT_ISR
003e40c8   _T4OFINT_ISR
003e40bc   _T4PINT_ISR
003e40c4   _T4UFINT_ISR
003e4058   _TINT0_ISR
003e4024   _USER0_ISR
003e404c   _USER10_ISR
003e4050   _USER11_ISR
003e4028   _USER1_ISR
003e402c   _USER2_ISR
003e4030   _USER3_ISR
003e4034   _USER4_ISR
003e4038   _USER5_ISR
003e403c   _USER6_ISR
003e4040   _USER7_ISR
003e4044   _USER8_ISR
003e4048   _USER9_ISR
003e405c   _WAKEINT_ISR
003e400c   _XINT1_ISR
003e4010   _XINT2_ISR
00007070   _XIntruptRegs
00000b20   _XintfRegs
00000400   __STACK_SIZE
00000400   ___bss__
003d8000   ___cinit__
00000000   ___data__
00000000   ___edata__
00000484   ___end__
003e4227   ___etext__
ffffffff   ___pinit__
003e4000   ___text__
00000404   __cleanup_ptr
00000402   __dtors_ptr
00000482   __lock
003e4220   __nop
003e4221   __register_lock
003e4224   __register_unlock
00000480   __unlock
003e421f   _abort
003e4203   _atexit
003e4197   _c_int00
003e41e2   _exit
003e4183   _main
003e4104   _rsvd_ISR
003d8000   cinit
00000000   edata
00000484   end
003e4227   etext
ffffffff   pinit


GLOBAL SYMBOLS: SORTED BY Symbol Address 

address    name
--------   ----
00000000   edata
00000000   ___edata__
00000000   ___data__
00000000   .data
00000400   .bss
00000400   __STACK_SIZE
00000400   ___bss__
00000402   __dtors_ptr
00000404   __cleanup_ptr
00000480   __unlock
00000482   __lock
00000484   end
00000484   ___end__
00000880   _DevEmuRegs
00000a80   _FlashRegs
00000ae0   _CsmRegs
00000b20   _XintfRegs
00000c00   _CpuTimer0Regs
00000c08   _CpuTimer1Regs
00000c10   _CpuTimer2Regs
00000ce0   _PieCtrl
00000d00   _PieVectTable
00006000   _ECanaRegs
00006100   _ECanaMboxes
00007010   _SysCtrlRegs
00007040   _SpiaRegs
00007050   _SciaRegs
00007070   _XIntruptRegs
000070c0   _GpioMuxRegs
000070e0   _GpioDataRegs
00007100   _AdcRegs
00007400   _EvaRegs
00007500   _EvbRegs
00007750   _ScibRegs
00007800   _McbspaRegs
003d8000   cinit
003d8000   ___cinit__
003dc000   _PieVectTableInit
003e4000   ___text__
003e4000   _INT13_ISR
003e4000   .text
003e4004   _INT14_ISR
003e4008   _NMI_ISR
003e400c   _XINT1_ISR
003e4010   _XINT2_ISR
003e4014   _DATALOG_ISR
003e4018   _RTOSINT_ISR
003e401c   _EMUINT_ISR
003e4020   _ILLEGAL_ISR
003e4024   _USER0_ISR
003e4028   _USER1_ISR
003e402c   _USER2_ISR
003e4030   _USER3_ISR
003e4034   _USER4_ISR
003e4038   _USER5_ISR
003e403c   _USER6_ISR
003e4040   _USER7_ISR
003e4044   _USER8_ISR
003e4048   _USER9_ISR
003e404c   _USER10_ISR
003e4050   _USER11_ISR
003e4054   _ADCINT_ISR
003e4058   _TINT0_ISR
003e405c   _WAKEINT_ISR
003e4060   _PDPINTA_ISR
003e4064   _CMP1INT_ISR
003e4068   _CMP2INT_ISR
003e406c   _CMP3INT_ISR
003e4070   _T1PINT_ISR
003e4074   _T1CINT_ISR
003e4078   _T1UFINT_ISR
003e407c   _T1OFINT_ISR
003e4080   _T2PINT_ISR
003e4084   _T2CINT_ISR
003e4088   _T2UFINT_ISR
003e408c   _T2OFINT_ISR
003e4090   _CAPINT1_ISR
003e4094   _CAPINT2_ISR
003e4098   _CAPINT3_ISR
003e409c   _PDPINTB_ISR
003e40a0   _CMP4INT_ISR
003e40a4   _CMP5INT_ISR
003e40a8   _CMP6INT_ISR
003e40ac   _T3PINT_ISR
003e40b0   _T3CINT_ISR
003e40b4   _T3UFINT_ISR
003e40b8   _T3OFINT_ISR
003e40bc   _T4PINT_ISR
003e40c0   _T4CINT_ISR
003e40c4   _T4UFINT_ISR
003e40c8   _T4OFINT_ISR
003e40cc   _CAPINT4_ISR
003e40d0   _CAPINT5_ISR
003e40d4   _CAPINT6_ISR
003e40d8   _MRINTA_ISR
003e40dc   _MXINTA_ISR
003e40e0   _SPIRXINTA_ISR
003e40e4   _SPITXINTA_ISR
003e40e8   _SCIRXINTA_ISR
003e40ec   _SCITXINTA_ISR
003e40f0   _SCIRXINTB_ISR
003e40f4   _SCITXINTB_ISR
003e40f8   _ECAN0INTA_ISR
003e40fc   _ECAN1INTA_ISR
003e4100   _PIE_RESERVED
003e4104   _rsvd_ISR
003e4108   _InitEv
003e411a   _InitGpio
003e4121   _InitPieCtrl
003e4142   _InitPieVectTable
003e4161   _InitSysCtrl
003e417c   _KickDog
003e4183   _main
003e4197   _c_int00
003e41e2   _exit
003e4201   C$$EXIT
003e4203   _atexit
003e421f   _abort
003e4220   __nop
003e4221   __register_lock
003e4224   __register_unlock
003e4227   etext
003e4227   ___etext__
003f7ff8   _CsmPwl
ffffffff   pinit
ffffffff   ___pinit__

[126 symbols]
